./src/Wireless_Channel/WirelessChannel.ned
./src/Physical_Process/CarsPhysicalProcess/CarsPhysicalProcess.ned
./src/Physical_Process/PhysicalProcessGenericModule.ned
./src/Physical_Process/CustomizablePhysicalProcess/CustomizablePhysicalProcess.ned
./src/Node/Resource_Manager/ResourceGenericManager.ned
./src/Node/Mobility_Module/VirtualMobilityModule.ned
./src/Node/Mobility_Module/NoMobilityModule/NoMobilityModule.ned
./src/Node/Mobility_Module/LineMobilityModule/LineMobilityModule.ned
./src/Node/Sensor_Device_Manager/SensorDevMgrModule.ned
./src/Node/Communication/MAC/TMac/TMacModule.ned
./src/Node/Communication/MAC/BypassMac/BypassMacModule.ned
./src/Node/Communication/MAC/TunableMac/TunableMacModule.ned
./src/Node/Communication/MAC/MacGenericModule.ned
./src/Node/Communication/Radio/RadioModule.ned
./src/Node/Communication/CommunicationModule.ned
./src/Node/Communication/Network/BypassRouting/BypassRoutingModule.ned
./src/Node/Communication/Network/simpleTreeRouting/simpleTreeRoutingModule.ned
./src/Node/Communication/Network/NetworkGenericModule.ned
./src/Node/Communication/Network/multipathRingsRouting/multipathRingsRoutingModule.ned
./src/Node/Node.ned
./src/Node/Application/throughputTest/throughputTest_ApplicationModule.ned
./src/Node/Application/simpleAggregation/simpleAggregation_ApplicationModule.ned
./src/Node/Application/ApplicationGenericModule.ned
./src/Node/Application/valuePropagation/valuePropagation_ApplicationModule.ned
./src/Node/Application/connectivityMap/connectivityMap_ApplicationModule.ned
./src/Node/Application/BridgeTest/BridgeTest_ApplicationModule.ned
./src/Node/Application/templateApplication/template_ApplicationModule.ned
./src/Node/Application/valueReporting/valueReporting_ApplicationModule.ned
./src/SensorNetwork.ned
